process-signature	Set up job	ï»¿2026-01-07T07:17:29.0703253Z Current runner version: '2.330.0'
process-signature	Set up job	2026-01-07T07:17:29.0727136Z ##[group]Runner Image Provisioner
process-signature	Set up job	2026-01-07T07:17:29.0728011Z Hosted Compute Agent
process-signature	Set up job	2026-01-07T07:17:29.0728541Z Version: 20251211.462
process-signature	Set up job	2026-01-07T07:17:29.0729198Z Commit: 6cbad8c2bb55d58165063d031ccabf57e2d2db61
process-signature	Set up job	2026-01-07T07:17:29.0729923Z Build Date: 2025-12-11T16:28:49Z
process-signature	Set up job	2026-01-07T07:17:29.0730775Z Worker ID: {e72d22d9-2997-4a0a-8a3b-134a8d95786d}
process-signature	Set up job	2026-01-07T07:17:29.0731487Z ##[endgroup]
process-signature	Set up job	2026-01-07T07:17:29.0732038Z ##[group]Operating System
process-signature	Set up job	2026-01-07T07:17:29.0732579Z Ubuntu
process-signature	Set up job	2026-01-07T07:17:29.0733103Z 24.04.3
process-signature	Set up job	2026-01-07T07:17:29.0733617Z LTS
process-signature	Set up job	2026-01-07T07:17:29.0734048Z ##[endgroup]
process-signature	Set up job	2026-01-07T07:17:29.0734577Z ##[group]Runner Image
process-signature	Set up job	2026-01-07T07:17:29.0735122Z Image: ubuntu-24.04
process-signature	Set up job	2026-01-07T07:17:29.0735653Z Version: 20251215.174.1
process-signature	Set up job	2026-01-07T07:17:29.0736621Z Included Software: https://github.com/actions/runner-images/blob/ubuntu24/20251215.174/images/ubuntu/Ubuntu2404-Readme.md
process-signature	Set up job	2026-01-07T07:17:29.0738081Z Image Release: https://github.com/actions/runner-images/releases/tag/ubuntu24%2F20251215.174
process-signature	Set up job	2026-01-07T07:17:29.0739259Z ##[endgroup]
process-signature	Set up job	2026-01-07T07:17:29.0740516Z ##[group]GITHUB_TOKEN Permissions
process-signature	Set up job	2026-01-07T07:17:29.0742446Z Contents: write
process-signature	Set up job	2026-01-07T07:17:29.0743137Z Issues: write
process-signature	Set up job	2026-01-07T07:17:29.0743657Z Metadata: read
process-signature	Set up job	2026-01-07T07:17:29.0744115Z ##[endgroup]
process-signature	Set up job	2026-01-07T07:17:29.0746564Z Secret source: Actions
process-signature	Set up job	2026-01-07T07:17:29.0747656Z Prepare workflow directory
process-signature	Set up job	2026-01-07T07:17:29.1062038Z Prepare all required actions
process-signature	Set up job	2026-01-07T07:17:29.1099431Z Getting action download info
process-signature	Set up job	2026-01-07T07:17:29.4702657Z Download action repository 'actions/checkout@v4' (SHA:34e114876b0b11c390a56381ad16ebd13914f8d5)
process-signature	Set up job	2026-01-07T07:17:29.6011246Z Download action repository 'actions/github-script@v7' (SHA:f28e40c7f34bde8b3046d885e986cb6290c5673b)
process-signature	Set up job	2026-01-07T07:17:29.8987337Z Complete job name: process-signature
process-signature	Checkout repository	ï»¿2026-01-07T07:17:29.9666262Z ##[group]Run actions/checkout@v4
process-signature	Checkout repository	2026-01-07T07:17:29.9667134Z with:
process-signature	Checkout repository	2026-01-07T07:17:29.9667604Z   repository: stoptheslop/stoptheslop.github.io
process-signature	Checkout repository	2026-01-07T07:17:29.9668339Z   token: ***
process-signature	Checkout repository	2026-01-07T07:17:29.9668719Z   ssh-strict: true
process-signature	Checkout repository	2026-01-07T07:17:29.9669104Z   ssh-user: git
process-signature	Checkout repository	2026-01-07T07:17:29.9669499Z   persist-credentials: true
process-signature	Checkout repository	2026-01-07T07:17:29.9669929Z   clean: true
process-signature	Checkout repository	2026-01-07T07:17:29.9670492Z   sparse-checkout-cone-mode: true
process-signature	Checkout repository	2026-01-07T07:17:29.9670975Z   fetch-depth: 1
process-signature	Checkout repository	2026-01-07T07:17:29.9671459Z   fetch-tags: false
process-signature	Checkout repository	2026-01-07T07:17:29.9671864Z   show-progress: true
process-signature	Checkout repository	2026-01-07T07:17:29.9672264Z   lfs: false
process-signature	Checkout repository	2026-01-07T07:17:29.9672626Z   submodules: false
process-signature	Checkout repository	2026-01-07T07:17:29.9673027Z   set-safe-directory: true
process-signature	Checkout repository	2026-01-07T07:17:29.9673742Z ##[endgroup]
process-signature	Checkout repository	2026-01-07T07:17:30.0763742Z Syncing repository: stoptheslop/stoptheslop.github.io
process-signature	Checkout repository	2026-01-07T07:17:30.0765520Z ##[group]Getting Git version info
process-signature	Checkout repository	2026-01-07T07:17:30.0766357Z Working directory is '/home/runner/work/stoptheslop.github.io/stoptheslop.github.io'
process-signature	Checkout repository	2026-01-07T07:17:30.0767492Z [command]/usr/bin/git version
process-signature	Checkout repository	2026-01-07T07:17:30.0850587Z git version 2.52.0
process-signature	Checkout repository	2026-01-07T07:17:30.0877030Z ##[endgroup]
process-signature	Checkout repository	2026-01-07T07:17:30.0898991Z Temporarily overriding HOME='/home/runner/work/_temp/da052d6a-6aac-4fc5-9806-cbbce2fafe34' before making global git config changes
process-signature	Checkout repository	2026-01-07T07:17:30.0901646Z Adding repository directory to the temporary git global config as a safe directory
process-signature	Checkout repository	2026-01-07T07:17:30.0904322Z [command]/usr/bin/git config --global --add safe.directory /home/runner/work/stoptheslop.github.io/stoptheslop.github.io
process-signature	Checkout repository	2026-01-07T07:17:30.0954266Z Deleting the contents of '/home/runner/work/stoptheslop.github.io/stoptheslop.github.io'
process-signature	Checkout repository	2026-01-07T07:17:30.0957239Z ##[group]Initializing the repository
process-signature	Checkout repository	2026-01-07T07:17:30.0961837Z [command]/usr/bin/git init /home/runner/work/stoptheslop.github.io/stoptheslop.github.io
process-signature	Checkout repository	2026-01-07T07:17:30.1064155Z hint: Using 'master' as the name for the initial branch. This default branch name
process-signature	Checkout repository	2026-01-07T07:17:30.1065997Z hint: will change to "main" in Git 3.0. To configure the initial branch name
process-signature	Checkout repository	2026-01-07T07:17:30.1067952Z hint: to use in all of your new repositories, which will suppress this warning,
process-signature	Checkout repository	2026-01-07T07:17:30.1069679Z hint: call:
process-signature	Checkout repository	2026-01-07T07:17:30.1070520Z hint:
process-signature	Checkout repository	2026-01-07T07:17:30.1071358Z hint: 	git config --global init.defaultBranch <name>
process-signature	Checkout repository	2026-01-07T07:17:30.1072390Z hint:
process-signature	Checkout repository	2026-01-07T07:17:30.1073382Z hint: Names commonly chosen instead of 'master' are 'main', 'trunk' and
process-signature	Checkout repository	2026-01-07T07:17:30.1074932Z hint: 'development'. The just-created branch can be renamed via this command:
process-signature	Checkout repository	2026-01-07T07:17:30.1076124Z hint:
process-signature	Checkout repository	2026-01-07T07:17:30.1076750Z hint: 	git branch -m <name>
process-signature	Checkout repository	2026-01-07T07:17:30.1077539Z hint:
process-signature	Checkout repository	2026-01-07T07:17:30.1078572Z hint: Disable this message with "git config set advice.defaultBranchName false"
process-signature	Checkout repository	2026-01-07T07:17:30.1080941Z Initialized empty Git repository in /home/runner/work/stoptheslop.github.io/stoptheslop.github.io/.git/
process-signature	Checkout repository	2026-01-07T07:17:30.1084136Z [command]/usr/bin/git remote add origin https://github.com/stoptheslop/stoptheslop.github.io
process-signature	Checkout repository	2026-01-07T07:17:30.1116203Z ##[endgroup]
process-signature	Checkout repository	2026-01-07T07:17:30.1117450Z ##[group]Disabling automatic garbage collection
process-signature	Checkout repository	2026-01-07T07:17:30.1120019Z [command]/usr/bin/git config --local gc.auto 0
process-signature	Checkout repository	2026-01-07T07:17:30.1148990Z ##[endgroup]
process-signature	Checkout repository	2026-01-07T07:17:30.1150751Z ##[group]Setting up auth
process-signature	Checkout repository	2026-01-07T07:17:30.1155916Z [command]/usr/bin/git config --local --name-only --get-regexp core\.sshCommand
process-signature	Checkout repository	2026-01-07T07:17:30.1188019Z [command]/usr/bin/git submodule foreach --recursive sh -c "git config --local --name-only --get-regexp 'core\.sshCommand' && git config --local --unset-all 'core.sshCommand' || :"
process-signature	Checkout repository	2026-01-07T07:17:30.1532129Z [command]/usr/bin/git config --local --name-only --get-regexp http\.https\:\/\/github\.com\/\.extraheader
process-signature	Checkout repository	2026-01-07T07:17:30.1563414Z [command]/usr/bin/git submodule foreach --recursive sh -c "git config --local --name-only --get-regexp 'http\.https\:\/\/github\.com\/\.extraheader' && git config --local --unset-all 'http.https://github.com/.extraheader' || :"
process-signature	Checkout repository	2026-01-07T07:17:30.1788375Z [command]/usr/bin/git config --local --name-only --get-regexp ^includeIf\.gitdir:
process-signature	Checkout repository	2026-01-07T07:17:30.1827641Z [command]/usr/bin/git submodule foreach --recursive git config --local --show-origin --name-only --get-regexp remote.origin.url
process-signature	Checkout repository	2026-01-07T07:17:30.2054688Z [command]/usr/bin/git config --local http.https://github.com/.extraheader AUTHORIZATION: basic ***
process-signature	Checkout repository	2026-01-07T07:17:30.2087578Z ##[endgroup]
process-signature	Checkout repository	2026-01-07T07:17:30.2088847Z ##[group]Fetching the repository
process-signature	Checkout repository	2026-01-07T07:17:30.2097298Z [command]/usr/bin/git -c protocol.version=2 fetch --no-tags --prune --no-recurse-submodules --depth=1 origin +5e8793e64cc284b545cebd55bf7c7f1268e2b9e2:refs/remotes/origin/master
process-signature	Checkout repository	2026-01-07T07:17:30.6425471Z From https://github.com/stoptheslop/stoptheslop.github.io
process-signature	Checkout repository	2026-01-07T07:17:30.6427914Z  * [new ref]         5e8793e64cc284b545cebd55bf7c7f1268e2b9e2 -> origin/master
process-signature	Checkout repository	2026-01-07T07:17:30.6466364Z ##[endgroup]
process-signature	Checkout repository	2026-01-07T07:17:30.6476701Z ##[group]Determining the checkout info
process-signature	Checkout repository	2026-01-07T07:17:30.6478127Z ##[endgroup]
process-signature	Checkout repository	2026-01-07T07:17:30.6478938Z [command]/usr/bin/git sparse-checkout disable
process-signature	Checkout repository	2026-01-07T07:17:30.6520714Z [command]/usr/bin/git config --local --unset-all extensions.worktreeConfig
process-signature	Checkout repository	2026-01-07T07:17:30.6547526Z ##[group]Checking out the ref
process-signature	Checkout repository	2026-01-07T07:17:30.6553090Z [command]/usr/bin/git checkout --progress --force -B master refs/remotes/origin/master
process-signature	Checkout repository	2026-01-07T07:17:30.6613386Z Reset branch 'master'
process-signature	Checkout repository	2026-01-07T07:17:30.6616551Z branch 'master' set up to track 'origin/master'.
process-signature	Checkout repository	2026-01-07T07:17:30.6624442Z ##[endgroup]
process-signature	Checkout repository	2026-01-07T07:17:30.6661038Z [command]/usr/bin/git log -1 --format=%H
process-signature	Checkout repository	2026-01-07T07:17:30.6682331Z 5e8793e64cc284b545cebd55bf7c7f1268e2b9e2
process-signature	Parse Issue Body	ï»¿2026-01-07T07:17:30.6948041Z ##[group]Run actions/github-script@v7
process-signature	Parse Issue Body	2026-01-07T07:17:30.6948942Z with:
process-signature	Parse Issue Body	2026-01-07T07:17:30.6959222Z   script: const body = context.payload.issue.body;
process-signature	Parse Issue Body	const lines = body.split(/\r?\n/);
process-signature	Parse Issue Body	let name = '';
process-signature	Parse Issue Body	let affiliation = '';
process-signature	Parse Issue Body	let github_username = '';
process-signature	Parse Issue Body	
process-signature	Parse Issue Body	for (let i = 0; i < lines.length; i++) {
process-signature	Parse Issue Body	  const line = lines[i].trim();
process-signature	Parse Issue Body	  if (line.includes('### Display Name')) {
process-signature	Parse Issue Body	    name = lines[i+1]?.trim() || lines[i+2]?.trim() || '';
process-signature	Parse Issue Body	  }
process-signature	Parse Issue Body	  if (line.includes('### Affiliation')) {
process-signature	Parse Issue Body	    affiliation = lines[i+1]?.trim() || lines[i+2]?.trim() || '';
process-signature	Parse Issue Body	  }
process-signature	Parse Issue Body	  if (line.includes('### GitHub Username')) {
process-signature	Parse Issue Body	    github_username = lines[i+1]?.trim() || lines[i+2]?.trim() || '';
process-signature	Parse Issue Body	  }
process-signature	Parse Issue Body	}
process-signature	Parse Issue Body	
process-signature	Parse Issue Body	// Remove common placeholder or empty strings
process-signature	Parse Issue Body	if (affiliation === '_No response_') affiliation = '';
process-signature	Parse Issue Body	if (github_username === '_No response_') github_username = '';
process-signature	Parse Issue Body	
process-signature	Parse Issue Body	if (!name) core.setFailed('Name is required');
process-signature	Parse Issue Body	
process-signature	Parse Issue Body	core.setOutput('name', name);
process-signature	Parse Issue Body	core.setOutput('affiliation', affiliation || 'Supporter');
process-signature	Parse Issue Body	core.setOutput('github_username', github_username || context.payload.issue.user.login);
process-signature	Parse Issue Body	
process-signature	Parse Issue Body	2026-01-07T07:17:30.6970108Z   github-token: ***
process-signature	Parse Issue Body	2026-01-07T07:17:30.6970766Z   debug: false
process-signature	Parse Issue Body	2026-01-07T07:17:30.6971317Z   user-agent: actions/github-script
process-signature	Parse Issue Body	2026-01-07T07:17:30.6972081Z   result-encoding: json
process-signature	Parse Issue Body	2026-01-07T07:17:30.6972662Z   retries: 0
process-signature	Parse Issue Body	2026-01-07T07:17:30.6973277Z   retry-exempt-status-codes: 400,401,403,404,422
process-signature	Parse Issue Body	2026-01-07T07:17:30.6974172Z ##[endgroup]
process-signature	Update Signatures	ï»¿2026-01-07T07:17:30.7973213Z ##[group]Run NAME="Jonas Cronholm-Lundin"
process-signature	Update Signatures	2026-01-07T07:17:30.7974244Z [36;1mNAME="Jonas Cronholm-Lundin"[0m
process-signature	Update Signatures	2026-01-07T07:17:30.7975213Z [36;1mAFFILIATION="Head of Platform @ Getswish AB"[0m
process-signature	Update Signatures	2026-01-07T07:17:30.7976175Z [36;1mUSERNAME="JonasLundin"[0m
process-signature	Update Signatures	2026-01-07T07:17:30.7976882Z [36;1mDATE=$(date +%Y-%m-%d)[0m
process-signature	Update Signatures	2026-01-07T07:17:30.7977547Z [36;1m[0m
process-signature	Update Signatures	2026-01-07T07:17:30.7978181Z [36;1m# Use current timestamp for unique filename[0m
process-signature	Update Signatures	2026-01-07T07:17:30.7979093Z [36;1mTIMESTAMP=$(date +%s)[0m
process-signature	Update Signatures	2026-01-07T07:17:30.7979979Z [36;1m# Ensure filename is safe[0m
process-signature	Update Signatures	2026-01-07T07:17:30.7981427Z [36;1mSAFE_USERNAME=$(echo "$USERNAME" | sed 's/[^a-zA-Z0-9_-]//g')[0m
process-signature	Update Signatures	2026-01-07T07:17:30.7982973Z [36;1mFILENAME="_signatures/sig-${SAFE_USERNAME}-${TIMESTAMP}.md"[0m
process-signature	Update Signatures	2026-01-07T07:17:30.7984024Z [36;1m[0m
process-signature	Update Signatures	2026-01-07T07:17:30.7984500Z [36;1mmkdir -p _signatures[0m
process-signature	Update Signatures	2026-01-07T07:17:30.7985131Z [36;1m[0m
process-signature	Update Signatures	2026-01-07T07:17:30.7985589Z [36;1mcat <<EOF > $FILENAME[0m
process-signature	Update Signatures	2026-01-07T07:17:30.8022410Z shell: /usr/bin/bash -e {0}
process-signature	Update Signatures	2026-01-07T07:17:30.8023162Z ##[endgroup]
process-signature	Update Signatures	2026-01-07T07:17:30.8152399Z /home/runner/work/_temp/65224af6-d70a-4035-b6d4-45e8db189763.sh: line 14: warning: here-document at line 14 delimited by end-of-file (wanted `EOF')
process-signature	Post Checkout repository	ï»¿2026-01-07T07:17:30.8309412Z Post job cleanup.
process-signature	Post Checkout repository	2026-01-07T07:17:30.9227976Z [command]/usr/bin/git version
process-signature	Post Checkout repository	2026-01-07T07:17:30.9263275Z git version 2.52.0
process-signature	Post Checkout repository	2026-01-07T07:17:30.9306383Z Temporarily overriding HOME='/home/runner/work/_temp/f69df239-91b1-4ab1-a670-825b70bbb164' before making global git config changes
process-signature	Post Checkout repository	2026-01-07T07:17:30.9308971Z Adding repository directory to the temporary git global config as a safe directory
process-signature	Post Checkout repository	2026-01-07T07:17:30.9318275Z [command]/usr/bin/git config --global --add safe.directory /home/runner/work/stoptheslop.github.io/stoptheslop.github.io
process-signature	Post Checkout repository	2026-01-07T07:17:30.9350749Z [command]/usr/bin/git config --local --name-only --get-regexp core\.sshCommand
process-signature	Post Checkout repository	2026-01-07T07:17:30.9382413Z [command]/usr/bin/git submodule foreach --recursive sh -c "git config --local --name-only --get-regexp 'core\.sshCommand' && git config --local --unset-all 'core.sshCommand' || :"
process-signature	Post Checkout repository	2026-01-07T07:17:30.9607887Z [command]/usr/bin/git config --local --name-only --get-regexp http\.https\:\/\/github\.com\/\.extraheader
process-signature	Post Checkout repository	2026-01-07T07:17:30.9627228Z http.https://github.com/.extraheader
process-signature	Post Checkout repository	2026-01-07T07:17:30.9639316Z [command]/usr/bin/git config --local --unset-all http.https://github.com/.extraheader
process-signature	Post Checkout repository	2026-01-07T07:17:30.9669697Z [command]/usr/bin/git submodule foreach --recursive sh -c "git config --local --name-only --get-regexp 'http\.https\:\/\/github\.com\/\.extraheader' && git config --local --unset-all 'http.https://github.com/.extraheader' || :"
process-signature	Post Checkout repository	2026-01-07T07:17:30.9884348Z [command]/usr/bin/git config --local --name-only --get-regexp ^includeIf\.gitdir:
process-signature	Post Checkout repository	2026-01-07T07:17:30.9915664Z [command]/usr/bin/git submodule foreach --recursive git config --local --show-origin --name-only --get-regexp remote.origin.url
process-signature	Complete job	ï»¿2026-01-07T07:17:31.0244845Z Cleaning up orphan processes
