build_and_deploy	Set up job	ï»¿2026-01-06T17:23:59.4958809Z Current runner version: '2.330.0'
build_and_deploy	Set up job	2026-01-06T17:23:59.4983422Z ##[group]Runner Image Provisioner
build_and_deploy	Set up job	2026-01-06T17:23:59.4984395Z Hosted Compute Agent
build_and_deploy	Set up job	2026-01-06T17:23:59.4985019Z Version: 20251211.462
build_and_deploy	Set up job	2026-01-06T17:23:59.4985603Z Commit: 6cbad8c2bb55d58165063d031ccabf57e2d2db61
build_and_deploy	Set up job	2026-01-06T17:23:59.4986290Z Build Date: 2025-12-11T16:28:49Z
build_and_deploy	Set up job	2026-01-06T17:23:59.4987041Z Worker ID: {307a3051-fbcc-4303-a523-465108ad35b2}
build_and_deploy	Set up job	2026-01-06T17:23:59.4987817Z ##[endgroup]
build_and_deploy	Set up job	2026-01-06T17:23:59.4988300Z ##[group]Operating System
build_and_deploy	Set up job	2026-01-06T17:23:59.4988841Z Ubuntu
build_and_deploy	Set up job	2026-01-06T17:23:59.4989327Z 24.04.3
build_and_deploy	Set up job	2026-01-06T17:23:59.4989771Z LTS
build_and_deploy	Set up job	2026-01-06T17:23:59.4990176Z ##[endgroup]
build_and_deploy	Set up job	2026-01-06T17:23:59.4990727Z ##[group]Runner Image
build_and_deploy	Set up job	2026-01-06T17:23:59.4991248Z Image: ubuntu-24.04
build_and_deploy	Set up job	2026-01-06T17:23:59.4991709Z Version: 20251215.174.1
build_and_deploy	Set up job	2026-01-06T17:23:59.4992757Z Included Software: https://github.com/actions/runner-images/blob/ubuntu24/20251215.174/images/ubuntu/Ubuntu2404-Readme.md
build_and_deploy	Set up job	2026-01-06T17:23:59.4994074Z Image Release: https://github.com/actions/runner-images/releases/tag/ubuntu24%2F20251215.174
build_and_deploy	Set up job	2026-01-06T17:23:59.4995270Z ##[endgroup]
build_and_deploy	Set up job	2026-01-06T17:23:59.4996267Z ##[group]GITHUB_TOKEN Permissions
build_and_deploy	Set up job	2026-01-06T17:23:59.4998584Z Contents: read
build_and_deploy	Set up job	2026-01-06T17:23:59.4999161Z Metadata: read
build_and_deploy	Set up job	2026-01-06T17:23:59.4999618Z Pages: write
build_and_deploy	Set up job	2026-01-06T17:23:59.5000137Z ##[endgroup]
build_and_deploy	Set up job	2026-01-06T17:23:59.5002082Z Secret source: Actions
build_and_deploy	Set up job	2026-01-06T17:23:59.5002785Z Prepare workflow directory
build_and_deploy	Set up job	2026-01-06T17:23:59.5320990Z Prepare all required actions
build_and_deploy	Set up job	2026-01-06T17:23:59.5363838Z Getting action download info
build_and_deploy	Set up job	2026-01-06T17:24:00.0935407Z Download action repository 'actions/checkout@v4' (SHA:34e114876b0b11c390a56381ad16ebd13914f8d5)
build_and_deploy	Set up job	2026-01-06T17:24:00.4539752Z Download action repository 'ruby/setup-ruby@v1' (SHA:b90be12699fdfcbee4440c2bba85f6f460446bb0)
build_and_deploy	Set up job	2026-01-06T17:24:00.9767941Z Download action repository 'actions/configure-pages@v4' (SHA:1f0c5cde4bc74cd7e1254d0cb4de8d49e9068c7d)
build_and_deploy	Set up job	2026-01-06T17:24:01.4960581Z Download action repository 'actions/upload-pages-artifact@v3' (SHA:56afc609e74202658d3ffba0e8f6dda462b719fa)
build_and_deploy	Set up job	2026-01-06T17:24:01.9930585Z Getting action download info
build_and_deploy	Set up job	2026-01-06T17:24:02.1728709Z Download action repository 'actions/upload-artifact@v4' (SHA:ea165f8d65b6e75b540449e92b4886f43607fa02)
build_and_deploy	Set up job	2026-01-06T17:24:02.3046200Z Complete job name: build_and_deploy
build_and_deploy	Checkout	ï»¿2026-01-06T17:24:02.3690285Z ##[group]Run actions/checkout@v4
build_and_deploy	Checkout	2026-01-06T17:24:02.3690917Z with:
build_and_deploy	Checkout	2026-01-06T17:24:02.3691204Z   repository: stoptheslop/stoptheslop.github.io
build_and_deploy	Checkout	2026-01-06T17:24:02.3691709Z   token: ***
build_and_deploy	Checkout	2026-01-06T17:24:02.3691941Z   ssh-strict: true
build_and_deploy	Checkout	2026-01-06T17:24:02.3692179Z   ssh-user: git
build_and_deploy	Checkout	2026-01-06T17:24:02.3692418Z   persist-credentials: true
build_and_deploy	Checkout	2026-01-06T17:24:02.3692682Z   clean: true
build_and_deploy	Checkout	2026-01-06T17:24:02.3692923Z   sparse-checkout-cone-mode: true
build_and_deploy	Checkout	2026-01-06T17:24:02.3693208Z   fetch-depth: 1
build_and_deploy	Checkout	2026-01-06T17:24:02.3693440Z   fetch-tags: false
build_and_deploy	Checkout	2026-01-06T17:24:02.3693676Z   show-progress: true
build_and_deploy	Checkout	2026-01-06T17:24:02.3693902Z   lfs: false
build_and_deploy	Checkout	2026-01-06T17:24:02.3694111Z   submodules: false
build_and_deploy	Checkout	2026-01-06T17:24:02.3694355Z   set-safe-directory: true
build_and_deploy	Checkout	2026-01-06T17:24:02.3694810Z ##[endgroup]
build_and_deploy	Checkout	2026-01-06T17:24:02.4750236Z Syncing repository: stoptheslop/stoptheslop.github.io
build_and_deploy	Checkout	2026-01-06T17:24:02.4751680Z ##[group]Getting Git version info
build_and_deploy	Checkout	2026-01-06T17:24:02.4752219Z Working directory is '/home/runner/work/stoptheslop.github.io/stoptheslop.github.io'
build_and_deploy	Checkout	2026-01-06T17:24:02.4752994Z [command]/usr/bin/git version
build_and_deploy	Checkout	2026-01-06T17:24:02.4871425Z git version 2.52.0
build_and_deploy	Checkout	2026-01-06T17:24:02.4898055Z ##[endgroup]
build_and_deploy	Checkout	2026-01-06T17:24:02.4917608Z Temporarily overriding HOME='/home/runner/work/_temp/f83a1ece-a458-4579-bf35-54e0c1f4ee1f' before making global git config changes
build_and_deploy	Checkout	2026-01-06T17:24:02.4918602Z Adding repository directory to the temporary git global config as a safe directory
build_and_deploy	Checkout	2026-01-06T17:24:02.4922768Z [command]/usr/bin/git config --global --add safe.directory /home/runner/work/stoptheslop.github.io/stoptheslop.github.io
build_and_deploy	Checkout	2026-01-06T17:24:02.4961020Z Deleting the contents of '/home/runner/work/stoptheslop.github.io/stoptheslop.github.io'
build_and_deploy	Checkout	2026-01-06T17:24:02.4964174Z ##[group]Initializing the repository
build_and_deploy	Checkout	2026-01-06T17:24:02.4968467Z [command]/usr/bin/git init /home/runner/work/stoptheslop.github.io/stoptheslop.github.io
build_and_deploy	Checkout	2026-01-06T17:24:02.5090122Z hint: Using 'master' as the name for the initial branch. This default branch name
build_and_deploy	Checkout	2026-01-06T17:24:02.5090876Z hint: will change to "main" in Git 3.0. To configure the initial branch name
build_and_deploy	Checkout	2026-01-06T17:24:02.5091524Z hint: to use in all of your new repositories, which will suppress this warning,
build_and_deploy	Checkout	2026-01-06T17:24:02.5092038Z hint: call:
build_and_deploy	Checkout	2026-01-06T17:24:02.5092304Z hint:
build_and_deploy	Checkout	2026-01-06T17:24:02.5092839Z hint: 	git config --global init.defaultBranch <name>
build_and_deploy	Checkout	2026-01-06T17:24:02.5093273Z hint:
build_and_deploy	Checkout	2026-01-06T17:24:02.5093671Z hint: Names commonly chosen instead of 'master' are 'main', 'trunk' and
build_and_deploy	Checkout	2026-01-06T17:24:02.5094332Z hint: 'development'. The just-created branch can be renamed via this command:
build_and_deploy	Checkout	2026-01-06T17:24:02.5094848Z hint:
build_and_deploy	Checkout	2026-01-06T17:24:02.5095133Z hint: 	git branch -m <name>
build_and_deploy	Checkout	2026-01-06T17:24:02.5095466Z hint:
build_and_deploy	Checkout	2026-01-06T17:24:02.5096309Z hint: Disable this message with "git config set advice.defaultBranchName false"
build_and_deploy	Checkout	2026-01-06T17:24:02.5097967Z Initialized empty Git repository in /home/runner/work/stoptheslop.github.io/stoptheslop.github.io/.git/
build_and_deploy	Checkout	2026-01-06T17:24:02.5109251Z [command]/usr/bin/git remote add origin https://github.com/stoptheslop/stoptheslop.github.io
build_and_deploy	Checkout	2026-01-06T17:24:02.5142945Z ##[endgroup]
build_and_deploy	Checkout	2026-01-06T17:24:02.5143709Z ##[group]Disabling automatic garbage collection
build_and_deploy	Checkout	2026-01-06T17:24:02.5148085Z [command]/usr/bin/git config --local gc.auto 0
build_and_deploy	Checkout	2026-01-06T17:24:02.5175725Z ##[endgroup]
build_and_deploy	Checkout	2026-01-06T17:24:02.5176471Z ##[group]Setting up auth
build_and_deploy	Checkout	2026-01-06T17:24:02.5183218Z [command]/usr/bin/git config --local --name-only --get-regexp core\.sshCommand
build_and_deploy	Checkout	2026-01-06T17:24:02.5211928Z [command]/usr/bin/git submodule foreach --recursive sh -c "git config --local --name-only --get-regexp 'core\.sshCommand' && git config --local --unset-all 'core.sshCommand' || :"
build_and_deploy	Checkout	2026-01-06T17:24:02.5564157Z [command]/usr/bin/git config --local --name-only --get-regexp http\.https\:\/\/github\.com\/\.extraheader
build_and_deploy	Checkout	2026-01-06T17:24:02.5595094Z [command]/usr/bin/git submodule foreach --recursive sh -c "git config --local --name-only --get-regexp 'http\.https\:\/\/github\.com\/\.extraheader' && git config --local --unset-all 'http.https://github.com/.extraheader' || :"
build_and_deploy	Checkout	2026-01-06T17:24:02.5841534Z [command]/usr/bin/git config --local --name-only --get-regexp ^includeIf\.gitdir:
build_and_deploy	Checkout	2026-01-06T17:24:02.5873254Z [command]/usr/bin/git submodule foreach --recursive git config --local --show-origin --name-only --get-regexp remote.origin.url
build_and_deploy	Checkout	2026-01-06T17:24:02.6126590Z [command]/usr/bin/git config --local http.https://github.com/.extraheader AUTHORIZATION: basic ***
build_and_deploy	Checkout	2026-01-06T17:24:02.6161144Z ##[endgroup]
build_and_deploy	Checkout	2026-01-06T17:24:02.6162023Z ##[group]Fetching the repository
build_and_deploy	Checkout	2026-01-06T17:24:02.6170292Z [command]/usr/bin/git -c protocol.version=2 fetch --no-tags --prune --no-recurse-submodules --depth=1 origin +c2378e97251d274b3992f0b41079db027170d914:refs/remotes/origin/master
build_and_deploy	Checkout	2026-01-06T17:24:03.0698472Z From https://github.com/stoptheslop/stoptheslop.github.io
build_and_deploy	Checkout	2026-01-06T17:24:03.0699817Z  * [new ref]         c2378e97251d274b3992f0b41079db027170d914 -> origin/master
build_and_deploy	Checkout	2026-01-06T17:24:03.0733932Z ##[endgroup]
build_and_deploy	Checkout	2026-01-06T17:24:03.0734793Z ##[group]Determining the checkout info
build_and_deploy	Checkout	2026-01-06T17:24:03.0736998Z ##[endgroup]
build_and_deploy	Checkout	2026-01-06T17:24:03.0742304Z [command]/usr/bin/git sparse-checkout disable
build_and_deploy	Checkout	2026-01-06T17:24:03.0781763Z [command]/usr/bin/git config --local --unset-all extensions.worktreeConfig
build_and_deploy	Checkout	2026-01-06T17:24:03.0807052Z ##[group]Checking out the ref
build_and_deploy	Checkout	2026-01-06T17:24:03.0811316Z [command]/usr/bin/git checkout --progress --force -B master refs/remotes/origin/master
build_and_deploy	Checkout	2026-01-06T17:24:03.0884108Z Reset branch 'master'
build_and_deploy	Checkout	2026-01-06T17:24:03.0886555Z branch 'master' set up to track 'origin/master'.
build_and_deploy	Checkout	2026-01-06T17:24:03.0892991Z ##[endgroup]
build_and_deploy	Checkout	2026-01-06T17:24:03.0925055Z [command]/usr/bin/git log -1 --format=%H
build_and_deploy	Checkout	2026-01-06T17:24:03.0946497Z c2378e97251d274b3992f0b41079db027170d914
build_and_deploy	Setup Ruby and Jekyll	ï»¿2026-01-06T17:24:03.1134003Z ##[group]Run ruby/setup-ruby@v1
build_and_deploy	Setup Ruby and Jekyll	2026-01-06T17:24:03.1134331Z with:
build_and_deploy	Setup Ruby and Jekyll	2026-01-06T17:24:03.1134538Z   ruby-version: 3.1
build_and_deploy	Setup Ruby and Jekyll	2026-01-06T17:24:03.1134759Z   bundler-cache: true
build_and_deploy	Setup Ruby and Jekyll	2026-01-06T17:24:03.1134993Z ##[endgroup]
build_and_deploy	Setup Ruby and Jekyll	2026-01-06T17:24:03.2752515Z ##[group]Modifying PATH
build_and_deploy	Setup Ruby and Jekyll	2026-01-06T17:24:03.2757270Z Entries added to PATH to use selected Ruby:
build_and_deploy	Setup Ruby and Jekyll	2026-01-06T17:24:03.2761149Z   /opt/hostedtoolcache/Ruby/3.1.7/x64/bin
build_and_deploy	Setup Ruby and Jekyll	2026-01-06T17:24:03.2772627Z ##[endgroup]
build_and_deploy	Setup Ruby and Jekyll	2026-01-06T17:24:03.2792915Z ##[group]Downloading Ruby
build_and_deploy	Setup Ruby and Jekyll	2026-01-06T17:24:03.2794595Z https://github.com/ruby/ruby-builder/releases/download/ruby-3.1.7/ruby-3.1.7-ubuntu-24.04-x64.tar.gz
build_and_deploy	Setup Ruby and Jekyll	2026-01-06T17:24:03.7704309Z Took   0.49 seconds
build_and_deploy	Setup Ruby and Jekyll	2026-01-06T17:24:03.7705129Z ##[endgroup]
build_and_deploy	Setup Ruby and Jekyll	2026-01-06T17:24:03.7705784Z ##[group]Extracting  Ruby
build_and_deploy	Setup Ruby and Jekyll	2026-01-06T17:24:03.7740267Z [command]/usr/bin/tar -xz -C /opt/hostedtoolcache/Ruby/3.1.7 -f /home/runner/work/_temp/874fcb4c-ad56-4931-b55c-117c8b004a75
build_and_deploy	Setup Ruby and Jekyll	2026-01-06T17:24:04.1861685Z Took   0.42 seconds
build_and_deploy	Setup Ruby and Jekyll	2026-01-06T17:24:04.1862825Z ##[endgroup]
build_and_deploy	Setup Ruby and Jekyll	2026-01-06T17:24:04.1863558Z ##[group]Print Ruby version
build_and_deploy	Setup Ruby and Jekyll	2026-01-06T17:24:04.1878731Z [command]/opt/hostedtoolcache/Ruby/3.1.7/x64/bin/ruby --version
build_and_deploy	Setup Ruby and Jekyll	2026-01-06T17:24:04.2060657Z ruby 3.1.7p261 (2025-03-26 revision 0a3704f218) [x86_64-linux]
build_and_deploy	Setup Ruby and Jekyll	2026-01-06T17:24:04.2079769Z Took   0.02 seconds
build_and_deploy	Setup Ruby and Jekyll	2026-01-06T17:24:04.2080868Z ##[endgroup]
build_and_deploy	Setup Ruby and Jekyll	2026-01-06T17:24:04.2081902Z ##[group]Installing Bundler
build_and_deploy	Setup Ruby and Jekyll	2026-01-06T17:24:04.2087041Z Using Bundler shipped with ruby-3.1.7
build_and_deploy	Setup Ruby and Jekyll	2026-01-06T17:24:04.2088238Z Took   0.00 seconds
build_and_deploy	Setup Ruby and Jekyll	2026-01-06T17:24:04.2164918Z ##[endgroup]
build_and_deploy	Setup Ruby and Jekyll	2026-01-06T17:24:04.2165432Z > bundle install
build_and_deploy	Setup Ruby and Jekyll	2026-01-06T17:24:04.2166237Z Setting BUNDLER_VERSION=2 for "bundle config|lock" commands below to ensure Bundler 2 is used
build_and_deploy	Setup Ruby and Jekyll	2026-01-06T17:24:04.2168173Z [command]/opt/hostedtoolcache/Ruby/3.1.7/x64/bin/bundle config set --local path /home/runner/work/stoptheslop.github.io/stoptheslop.github.io/vendor/bundle
build_and_deploy	Setup Ruby and Jekyll	2026-01-06T17:24:04.3480390Z [command]/opt/hostedtoolcache/Ruby/3.1.7/x64/bin/bundle lock
build_and_deploy	Setup Ruby and Jekyll	2026-01-06T17:24:05.9757981Z Fetching gem metadata from https://rubygems.org/...........
build_and_deploy	Setup Ruby and Jekyll	2026-01-06T17:24:06.0704352Z Resolving dependencies...
build_and_deploy	Setup Ruby and Jekyll	2026-01-06T17:24:06.1017559Z Writing lockfile to /home/runner/work/stoptheslop.github.io/stoptheslop.github.io/Gemfile.lock
build_and_deploy	Setup Ruby and Jekyll	2026-01-06T17:24:06.1284186Z ##[group]Print lockfile
build_and_deploy	Setup Ruby and Jekyll	2026-01-06T17:24:06.1298064Z [command]/usr/bin/cat Gemfile.lock
build_and_deploy	Setup Ruby and Jekyll	2026-01-06T17:24:06.1329134Z GEM
build_and_deploy	Setup Ruby and Jekyll	2026-01-06T17:24:06.1329506Z   remote: https://rubygems.org/
build_and_deploy	Setup Ruby and Jekyll	2026-01-06T17:24:06.1329950Z   specs:
build_and_deploy	Setup Ruby and Jekyll	2026-01-06T17:24:06.1330288Z     addressable (2.8.8)
build_and_deploy	Setup Ruby and Jekyll	2026-01-06T17:24:06.1330684Z       public_suffix (>= 2.0.2, < 8.0)
build_and_deploy	Setup Ruby and Jekyll	2026-01-06T17:24:06.1331144Z     base64 (0.3.0)
build_and_deploy	Setup Ruby and Jekyll	2026-01-06T17:24:06.1331482Z     bigdecimal (4.0.1)
build_and_deploy	Setup Ruby and Jekyll	2026-01-06T17:24:06.1331940Z     colorator (1.1.0)
build_and_deploy	Setup Ruby and Jekyll	2026-01-06T17:24:06.1332321Z     concurrent-ruby (1.3.6)
build_and_deploy	Setup Ruby and Jekyll	2026-01-06T17:24:06.1332770Z     csv (3.3.5)
build_and_deploy	Setup Ruby and Jekyll	2026-01-06T17:24:06.1333193Z     em-websocket (0.5.3)
build_and_deploy	Setup Ruby and Jekyll	2026-01-06T17:24:06.1333577Z       eventmachine (>= 0.12.9)
build_and_deploy	Setup Ruby and Jekyll	2026-01-06T17:24:06.1334023Z       http_parser.rb (~> 0)
build_and_deploy	Setup Ruby and Jekyll	2026-01-06T17:24:06.1334397Z     eventmachine (1.2.7)
build_and_deploy	Setup Ruby and Jekyll	2026-01-06T17:24:06.1334750Z     ffi (1.17.3-x86_64-linux-gnu)
build_and_deploy	Setup Ruby and Jekyll	2026-01-06T17:24:06.1335211Z     forwardable-extended (2.6.0)
build_and_deploy	Setup Ruby and Jekyll	2026-01-06T17:24:06.1335672Z     google-protobuf (4.33.2-x86_64-linux-gnu)
build_and_deploy	Setup Ruby and Jekyll	2026-01-06T17:24:06.1336105Z       bigdecimal
build_and_deploy	Setup Ruby and Jekyll	2026-01-06T17:24:06.1336428Z       rake (>= 13)
build_and_deploy	Setup Ruby and Jekyll	2026-01-06T17:24:06.1336942Z     http_parser.rb (0.8.1)
build_and_deploy	Setup Ruby and Jekyll	2026-01-06T17:24:06.1337307Z     i18n (1.14.8)
build_and_deploy	Setup Ruby and Jekyll	2026-01-06T17:24:06.1337644Z       concurrent-ruby (~> 1.0)
build_and_deploy	Setup Ruby and Jekyll	2026-01-06T17:24:06.1338021Z     jekyll (4.4.1)
build_and_deploy	Setup Ruby and Jekyll	2026-01-06T17:24:06.1338344Z       addressable (~> 2.4)
build_and_deploy	Setup Ruby and Jekyll	2026-01-06T17:24:06.1338670Z       base64 (~> 0.2)
build_and_deploy	Setup Ruby and Jekyll	2026-01-06T17:24:06.1339068Z       colorator (~> 1.0)
build_and_deploy	Setup Ruby and Jekyll	2026-01-06T17:24:06.1339379Z       csv (~> 3.0)
build_and_deploy	Setup Ruby and Jekyll	2026-01-06T17:24:06.1339690Z       em-websocket (~> 0.5)
build_and_deploy	Setup Ruby and Jekyll	2026-01-06T17:24:06.1340039Z       i18n (~> 1.0)
build_and_deploy	Setup Ruby and Jekyll	2026-01-06T17:24:06.1340402Z       jekyll-sass-converter (>= 2.0, < 4.0)
build_and_deploy	Setup Ruby and Jekyll	2026-01-06T17:24:06.1341274Z       jekyll-watch (~> 2.0)
build_and_deploy	Setup Ruby and Jekyll	2026-01-06T17:24:06.1341935Z       json (~> 2.6)
build_and_deploy	Setup Ruby and Jekyll	2026-01-06T17:24:06.1342273Z       kramdown (~> 2.3, >= 2.3.1)
build_and_deploy	Setup Ruby and Jekyll	2026-01-06T17:24:06.1342689Z       kramdown-parser-gfm (~> 1.0)
build_and_deploy	Setup Ruby and Jekyll	2026-01-06T17:24:06.1343100Z       liquid (~> 4.0)
build_and_deploy	Setup Ruby and Jekyll	2026-01-06T17:24:06.1343435Z       mercenary (~> 0.3, >= 0.3.6)
build_and_deploy	Setup Ruby and Jekyll	2026-01-06T17:24:06.1343854Z       pathutil (~> 0.9)
build_and_deploy	Setup Ruby and Jekyll	2026-01-06T17:24:06.1344214Z       rouge (>= 3.0, < 5.0)
build_and_deploy	Setup Ruby and Jekyll	2026-01-06T17:24:06.1344592Z       safe_yaml (~> 1.0)
build_and_deploy	Setup Ruby and Jekyll	2026-01-06T17:24:06.1344961Z       terminal-table (>= 1.8, < 4.0)
build_and_deploy	Setup Ruby and Jekyll	2026-01-06T17:24:06.1345365Z       webrick (~> 1.7)
build_and_deploy	Setup Ruby and Jekyll	2026-01-06T17:24:06.1345716Z     jekyll-paginate-v2 (3.0.0)
build_and_deploy	Setup Ruby and Jekyll	2026-01-06T17:24:06.1346108Z       jekyll (>= 3.0, < 5.0)
build_and_deploy	Setup Ruby and Jekyll	2026-01-06T17:24:06.1346511Z     jekyll-sass-converter (3.1.0)
build_and_deploy	Setup Ruby and Jekyll	2026-01-06T17:24:06.1347145Z       sass-embedded (~> 1.75)
build_and_deploy	Setup Ruby and Jekyll	2026-01-06T17:24:06.1347554Z     jekyll-seo-tag (2.8.0)
build_and_deploy	Setup Ruby and Jekyll	2026-01-06T17:24:06.1347918Z       jekyll (>= 3.8, < 5.0)
build_and_deploy	Setup Ruby and Jekyll	2026-01-06T17:24:06.1348298Z     jekyll-watch (2.2.1)
build_and_deploy	Setup Ruby and Jekyll	2026-01-06T17:24:06.1348668Z       listen (~> 3.0)
build_and_deploy	Setup Ruby and Jekyll	2026-01-06T17:24:06.1349018Z     json (2.18.0)
build_and_deploy	Setup Ruby and Jekyll	2026-01-06T17:24:06.1349328Z     kramdown (2.5.1)
build_and_deploy	Setup Ruby and Jekyll	2026-01-06T17:24:06.1349677Z       rexml (>= 3.3.9)
build_and_deploy	Setup Ruby and Jekyll	2026-01-06T17:24:06.1350047Z     kramdown-parser-gfm (1.1.0)
build_and_deploy	Setup Ruby and Jekyll	2026-01-06T17:24:06.1350460Z       kramdown (~> 2.0)
build_and_deploy	Setup Ruby and Jekyll	2026-01-06T17:24:06.1350791Z     liquid (4.0.4)
build_and_deploy	Setup Ruby and Jekyll	2026-01-06T17:24:06.1351123Z     listen (3.9.0)
build_and_deploy	Setup Ruby and Jekyll	2026-01-06T17:24:06.1351467Z       rb-fsevent (~> 0.10, >= 0.10.3)
build_and_deploy	Setup Ruby and Jekyll	2026-01-06T17:24:06.1351962Z       rb-inotify (~> 0.9, >= 0.9.10)
build_and_deploy	Setup Ruby and Jekyll	2026-01-06T17:24:06.1352375Z     mercenary (0.4.0)
build_and_deploy	Setup Ruby and Jekyll	2026-01-06T17:24:06.1352744Z     pathutil (0.16.2)
build_and_deploy	Setup Ruby and Jekyll	2026-01-06T17:24:06.1353111Z       forwardable-extended (~> 2.6)
build_and_deploy	Setup Ruby and Jekyll	2026-01-06T17:24:06.1353539Z     public_suffix (6.0.2)
build_and_deploy	Setup Ruby and Jekyll	2026-01-06T17:24:06.1353924Z     rake (13.3.1)
build_and_deploy	Setup Ruby and Jekyll	2026-01-06T17:24:06.1354281Z     rb-fsevent (0.11.2)
build_and_deploy	Setup Ruby and Jekyll	2026-01-06T17:24:06.1354697Z     rb-inotify (0.11.1)
build_and_deploy	Setup Ruby and Jekyll	2026-01-06T17:24:06.1355032Z       ffi (~> 1.0)
build_and_deploy	Setup Ruby and Jekyll	2026-01-06T17:24:06.1355329Z     rexml (3.4.4)
build_and_deploy	Setup Ruby and Jekyll	2026-01-06T17:24:06.1355664Z     rouge (4.7.0)
build_and_deploy	Setup Ruby and Jekyll	2026-01-06T17:24:06.1355971Z     safe_yaml (1.0.5)
build_and_deploy	Setup Ruby and Jekyll	2026-01-06T17:24:06.1356318Z     sass-embedded (1.97.2)
build_and_deploy	Setup Ruby and Jekyll	2026-01-06T17:24:06.1356887Z       google-protobuf (~> 4.31)
build_and_deploy	Setup Ruby and Jekyll	2026-01-06T17:24:06.1357277Z       rake (>= 13)
build_and_deploy	Setup Ruby and Jekyll	2026-01-06T17:24:06.1357607Z     terminal-table (3.0.2)
build_and_deploy	Setup Ruby and Jekyll	2026-01-06T17:24:06.1358025Z       unicode-display_width (>= 1.1.1, < 3)
build_and_deploy	Setup Ruby and Jekyll	2026-01-06T17:24:06.1358495Z     unicode-display_width (2.6.0)
build_and_deploy	Setup Ruby and Jekyll	2026-01-06T17:24:06.1358899Z     webrick (1.9.2)
build_and_deploy	Setup Ruby and Jekyll	2026-01-06T17:24:06.1359109Z 
build_and_deploy	Setup Ruby and Jekyll	2026-01-06T17:24:06.1359254Z PLATFORMS
build_and_deploy	Setup Ruby and Jekyll	2026-01-06T17:24:06.1359542Z   x86_64-linux
build_and_deploy	Setup Ruby and Jekyll	2026-01-06T17:24:06.1359742Z 
build_and_deploy	Setup Ruby and Jekyll	2026-01-06T17:24:06.1359861Z DEPENDENCIES
build_and_deploy	Setup Ruby and Jekyll	2026-01-06T17:24:06.1360160Z   jekyll (~> 4.3)
build_and_deploy	Setup Ruby and Jekyll	2026-01-06T17:24:06.1360505Z   jekyll-paginate-v2
build_and_deploy	Setup Ruby and Jekyll	2026-01-06T17:24:06.1360849Z   jekyll-seo-tag
build_and_deploy	Setup Ruby and Jekyll	2026-01-06T17:24:06.1361070Z 
build_and_deploy	Setup Ruby and Jekyll	2026-01-06T17:24:06.1361201Z BUNDLED WITH
build_and_deploy	Setup Ruby and Jekyll	2026-01-06T17:24:06.1361511Z    2.3.27
build_and_deploy	Setup Ruby and Jekyll	2026-01-06T17:24:06.1362266Z ##[endgroup]
build_and_deploy	Setup Ruby and Jekyll	2026-01-06T17:24:06.1367257Z Cache key: setup-ruby-bundler-cache-v6-ubuntu-24.04-x64-ruby-3.1.7-wd-/home/runner/work/stoptheslop.github.io/stoptheslop.github.io-with--without--only--Gemfile.lock-ff724a1b5a8826159f1355daaa0ca3753a570466eb788bd6f171fee963d622c8
build_and_deploy	Setup Ruby and Jekyll	2026-01-06T17:24:06.3869933Z Cache hit for: setup-ruby-bundler-cache-v6-ubuntu-24.04-x64-ruby-3.1.7-wd-/home/runner/work/stoptheslop.github.io/stoptheslop.github.io-with--without--only--Gemfile.lock-ff724a1b5a8826159f1355daaa0ca3753a570466eb788bd6f171fee963d622c8
build_and_deploy	Setup Ruby and Jekyll	2026-01-06T17:24:07.6908637Z Received 1271038 of 18048254 (7.0%), 1.2 MBs/sec
build_and_deploy	Setup Ruby and Jekyll	2026-01-06T17:24:07.8850249Z Received 18048254 of 18048254 (100.0%), 14.4 MBs/sec
build_and_deploy	Setup Ruby and Jekyll	2026-01-06T17:24:07.8852254Z Cache Size: ~17 MB (18048254 B)
build_and_deploy	Setup Ruby and Jekyll	2026-01-06T17:24:07.8967281Z [command]/usr/bin/tar -xf /home/runner/work/_temp/9b4098b8-70e2-4500-89f6-15a348ecc27b/cache.tzst -P -C /home/runner/work/stoptheslop.github.io/stoptheslop.github.io --use-compress-program unzstd
build_and_deploy	Setup Ruby and Jekyll	2026-01-06T17:24:08.0581848Z Cache restored successfully
build_and_deploy	Setup Ruby and Jekyll	2026-01-06T17:24:08.0621671Z Found cache for key: setup-ruby-bundler-cache-v6-ubuntu-24.04-x64-ruby-3.1.7-wd-/home/runner/work/stoptheslop.github.io/stoptheslop.github.io-with--without--only--Gemfile.lock-ff724a1b5a8826159f1355daaa0ca3753a570466eb788bd6f171fee963d622c8
build_and_deploy	Setup Ruby and Jekyll	2026-01-06T17:24:08.0632567Z [command]/opt/hostedtoolcache/Ruby/3.1.7/x64/bin/bundle install --jobs 4
build_and_deploy	Setup Ruby and Jekyll	2026-01-06T17:24:08.3222525Z Using rake 13.3.1
build_and_deploy	Setup Ruby and Jekyll	2026-01-06T17:24:08.3224078Z Using public_suffix 6.0.2
build_and_deploy	Setup Ruby and Jekyll	2026-01-06T17:24:08.3228115Z Using addressable 2.8.8
build_and_deploy	Setup Ruby and Jekyll	2026-01-06T17:24:08.3232639Z Using base64 0.3.0
build_and_deploy	Setup Ruby and Jekyll	2026-01-06T17:24:08.3233332Z Using bigdecimal 4.0.1
build_and_deploy	Setup Ruby and Jekyll	2026-01-06T17:24:08.3235443Z Using bundler 2.3.27
build_and_deploy	Setup Ruby and Jekyll	2026-01-06T17:24:08.3239785Z Using colorator 1.1.0
build_and_deploy	Setup Ruby and Jekyll	2026-01-06T17:24:08.3243862Z Using concurrent-ruby 1.3.6
build_and_deploy	Setup Ruby and Jekyll	2026-01-06T17:24:08.3248644Z Using csv 3.3.5
build_and_deploy	Setup Ruby and Jekyll	2026-01-06T17:24:08.3250319Z Using eventmachine 1.2.7
build_and_deploy	Setup Ruby and Jekyll	2026-01-06T17:24:08.3251940Z Using http_parser.rb 0.8.1
build_and_deploy	Setup Ruby and Jekyll	2026-01-06T17:24:08.3256313Z Using em-websocket 0.5.3
build_and_deploy	Setup Ruby and Jekyll	2026-01-06T17:24:08.3261493Z Using ffi 1.17.3 (x86_64-linux-gnu)
build_and_deploy	Setup Ruby and Jekyll	2026-01-06T17:24:08.3265055Z Using forwardable-extended 2.6.0
build_and_deploy	Setup Ruby and Jekyll	2026-01-06T17:24:08.3272257Z Using google-protobuf 4.33.2 (x86_64-linux-gnu)
build_and_deploy	Setup Ruby and Jekyll	2026-01-06T17:24:08.3277161Z Using i18n 1.14.8
build_and_deploy	Setup Ruby and Jekyll	2026-01-06T17:24:08.3279275Z Using sass-embedded 1.97.2
build_and_deploy	Setup Ruby and Jekyll	2026-01-06T17:24:08.3282938Z Using jekyll-sass-converter 3.1.0
build_and_deploy	Setup Ruby and Jekyll	2026-01-06T17:24:08.3287073Z Using rb-fsevent 0.11.2
build_and_deploy	Setup Ruby and Jekyll	2026-01-06T17:24:08.3290497Z Using rb-inotify 0.11.1
build_and_deploy	Setup Ruby and Jekyll	2026-01-06T17:24:08.3294511Z Using listen 3.9.0
build_and_deploy	Setup Ruby and Jekyll	2026-01-06T17:24:08.3298941Z Using jekyll-watch 2.2.1
build_and_deploy	Setup Ruby and Jekyll	2026-01-06T17:24:08.3300844Z Using json 2.18.0
build_and_deploy	Setup Ruby and Jekyll	2026-01-06T17:24:08.3304517Z Using rexml 3.4.4
build_and_deploy	Setup Ruby and Jekyll	2026-01-06T17:24:08.3308904Z Using kramdown 2.5.1
build_and_deploy	Setup Ruby and Jekyll	2026-01-06T17:24:08.3312468Z Using kramdown-parser-gfm 1.1.0
build_and_deploy	Setup Ruby and Jekyll	2026-01-06T17:24:08.3316443Z Using liquid 4.0.4
build_and_deploy	Setup Ruby and Jekyll	2026-01-06T17:24:08.3320152Z Using mercenary 0.4.0
build_and_deploy	Setup Ruby and Jekyll	2026-01-06T17:24:08.3323240Z Using pathutil 0.16.2
build_and_deploy	Setup Ruby and Jekyll	2026-01-06T17:24:08.3326015Z Using rouge 4.7.0
build_and_deploy	Setup Ruby and Jekyll	2026-01-06T17:24:08.3329508Z Using safe_yaml 1.0.5
build_and_deploy	Setup Ruby and Jekyll	2026-01-06T17:24:08.3333205Z Using unicode-display_width 2.6.0
build_and_deploy	Setup Ruby and Jekyll	2026-01-06T17:24:08.3337081Z Using terminal-table 3.0.2
build_and_deploy	Setup Ruby and Jekyll	2026-01-06T17:24:08.3340133Z Using webrick 1.9.2
build_and_deploy	Setup Ruby and Jekyll	2026-01-06T17:24:08.3346002Z Using jekyll 4.4.1
build_and_deploy	Setup Ruby and Jekyll	2026-01-06T17:24:08.3349848Z Using jekyll-paginate-v2 3.0.0
build_and_deploy	Setup Ruby and Jekyll	2026-01-06T17:24:08.3353656Z Using jekyll-seo-tag 2.8.0
build_and_deploy	Setup Ruby and Jekyll	2026-01-06T17:24:08.3386332Z Bundle complete! 3 Gemfile dependencies, 37 gems now installed.
build_and_deploy	Setup Ruby and Jekyll	2026-01-06T17:24:08.3387860Z Bundled gems are installed into `./vendor/bundle`
build_and_deploy	Setup Ruby and Jekyll	2026-01-06T17:24:08.3522937Z Took   4.14 seconds
build_and_deploy	Setup Pages	ï»¿2026-01-06T17:24:08.3662394Z ##[group]Run actions/configure-pages@v4
build_and_deploy	Setup Pages	2026-01-06T17:24:08.3662682Z with:
build_and_deploy	Setup Pages	2026-01-06T17:24:08.3662978Z   token: ***
build_and_deploy	Setup Pages	2026-01-06T17:24:08.3663169Z   enablement: false
build_and_deploy	Setup Pages	2026-01-06T17:24:08.3663365Z ##[endgroup]
build_and_deploy	Build with Jekyll	ï»¿2026-01-06T17:24:08.7223751Z ##[group]Run bundle exec jekyll build
build_and_deploy	Build with Jekyll	2026-01-06T17:24:08.7224126Z [36;1mbundle exec jekyll build[0m
build_and_deploy	Build with Jekyll	2026-01-06T17:24:08.7258636Z shell: /usr/bin/bash -e {0}
build_and_deploy	Build with Jekyll	2026-01-06T17:24:08.7258891Z env:
build_and_deploy	Build with Jekyll	2026-01-06T17:24:08.7259073Z   GITHUB_PAGES: true
build_and_deploy	Build with Jekyll	2026-01-06T17:24:08.7259313Z   JEKYLL_ENV: production
build_and_deploy	Build with Jekyll	2026-01-06T17:24:08.7259528Z ##[endgroup]
build_and_deploy	Build with Jekyll	2026-01-06T17:24:09.1552681Z Configuration file: /home/runner/work/stoptheslop.github.io/stoptheslop.github.io/_config.yml
build_and_deploy	Build with Jekyll	2026-01-06T17:24:09.1725048Z             Source: /home/runner/work/stoptheslop.github.io/stoptheslop.github.io
build_and_deploy	Build with Jekyll	2026-01-06T17:24:09.1726147Z        Destination: /home/runner/work/stoptheslop.github.io/stoptheslop.github.io/_site
build_and_deploy	Build with Jekyll	2026-01-06T17:24:09.1727207Z  Incremental build: disabled. Enable with --incremental
build_and_deploy	Build with Jekyll	2026-01-06T17:24:09.1727644Z       Generating... 
build_and_deploy	Build with Jekyll	2026-01-06T17:24:09.1889031Z          AutoPages: Disabled/Not configured in site.config.
build_and_deploy	Build with Jekyll	2026-01-06T17:24:09.1904979Z         Pagination: Complete, processed 1 pagination page(s)
build_and_deploy	Build with Jekyll	2026-01-06T17:24:09.2393102Z                     done in 0.067 seconds.
build_and_deploy	Build with Jekyll	2026-01-06T17:24:09.2393668Z  Auto-regeneration: disabled. Use --watch to enable.
build_and_deploy	Upload artifact	ï»¿2026-01-06T17:24:09.2516460Z ##[group]Run actions/upload-pages-artifact@v3
build_and_deploy	Upload artifact	2026-01-06T17:24:09.2517053Z with:
build_and_deploy	Upload artifact	2026-01-06T17:24:09.2517455Z   name: github-pages
build_and_deploy	Upload artifact	2026-01-06T17:24:09.2517667Z   path: _site/
build_and_deploy	Upload artifact	2026-01-06T17:24:09.2517850Z   retention-days: 1
build_and_deploy	Upload artifact	2026-01-06T17:24:09.2518035Z env:
build_and_deploy	Upload artifact	2026-01-06T17:24:09.2518197Z   GITHUB_PAGES: true
build_and_deploy	Upload artifact	2026-01-06T17:24:09.2518378Z ##[endgroup]
build_and_deploy	Upload artifact	2026-01-06T17:24:09.2601008Z ##[group]Run echo ::group::Archive artifact
build_and_deploy	Upload artifact	2026-01-06T17:24:09.2601326Z [36;1mecho ::group::Archive artifact[0m
build_and_deploy	Upload artifact	2026-01-06T17:24:09.2601572Z [36;1mtar \[0m
build_and_deploy	Upload artifact	2026-01-06T17:24:09.2601817Z [36;1m  --dereference --hard-dereference \[0m
build_and_deploy	Upload artifact	2026-01-06T17:24:09.2602105Z [36;1m  --directory "$INPUT_PATH" \[0m
build_and_deploy	Upload artifact	2026-01-06T17:24:09.2602383Z [36;1m  -cvf "$RUNNER_TEMP/artifact.tar" \[0m
build_and_deploy	Upload artifact	2026-01-06T17:24:09.2602646Z [36;1m  --exclude=.git \[0m
build_and_deploy	Upload artifact	2026-01-06T17:24:09.2602870Z [36;1m  --exclude=.github \[0m
build_and_deploy	Upload artifact	2026-01-06T17:24:09.2603087Z [36;1m  .[0m
build_and_deploy	Upload artifact	2026-01-06T17:24:09.2603273Z [36;1mecho ::endgroup::[0m
build_and_deploy	Upload artifact	2026-01-06T17:24:09.2778003Z shell: /usr/bin/sh -e {0}
build_and_deploy	Upload artifact	2026-01-06T17:24:09.2778360Z env:
build_and_deploy	Upload artifact	2026-01-06T17:24:09.2778598Z   GITHUB_PAGES: true
build_and_deploy	Upload artifact	2026-01-06T17:24:09.2778884Z   INPUT_PATH: _site/
build_and_deploy	Upload artifact	2026-01-06T17:24:09.2779146Z ##[endgroup]
build_and_deploy	Upload artifact	2026-01-06T17:24:09.2842982Z ##[group]Archive artifact
build_and_deploy	Upload artifact	2026-01-06T17:24:09.2855561Z ./
build_and_deploy	Upload artifact	2026-01-06T17:24:09.2855856Z ./index.html
build_and_deploy	Upload artifact	2026-01-06T17:24:09.2856151Z ./assets/
build_and_deploy	Upload artifact	2026-01-06T17:24:09.2856429Z ./assets/images/
build_and_deploy	Upload artifact	2026-01-06T17:24:09.2856921Z ./assets/images/logo.png
build_and_deploy	Upload artifact	2026-01-06T17:24:09.2858997Z ./assets/css/
build_and_deploy	Upload artifact	2026-01-06T17:24:09.2859304Z ./assets/css/style.css
build_and_deploy	Upload artifact	2026-01-06T17:24:09.2859634Z ./README.md
build_and_deploy	Upload artifact	2026-01-06T17:24:09.2859899Z ./page3/
build_and_deploy	Upload artifact	2026-01-06T17:24:09.2860160Z ./page3/index.html
build_and_deploy	Upload artifact	2026-01-06T17:24:09.2860448Z ./page2/
build_and_deploy	Upload artifact	2026-01-06T17:24:09.2860710Z ./page2/index.html
build_and_deploy	Upload artifact	2026-01-06T17:24:09.2863795Z ##[endgroup]
build_and_deploy	Upload artifact	2026-01-06T17:24:09.2927995Z ##[group]Run actions/upload-artifact@v4
build_and_deploy	Upload artifact	2026-01-06T17:24:09.2928250Z with:
build_and_deploy	Upload artifact	2026-01-06T17:24:09.2928423Z   name: github-pages
build_and_deploy	Upload artifact	2026-01-06T17:24:09.2928642Z   path: /home/runner/work/_temp/artifact.tar
build_and_deploy	Upload artifact	2026-01-06T17:24:09.2928910Z   retention-days: 1
build_and_deploy	Upload artifact	2026-01-06T17:24:09.2929115Z   if-no-files-found: error
build_and_deploy	Upload artifact	2026-01-06T17:24:09.2929326Z   compression-level: 6
build_and_deploy	Upload artifact	2026-01-06T17:24:09.2929510Z   overwrite: false
build_and_deploy	Upload artifact	2026-01-06T17:24:09.2929708Z   include-hidden-files: false
build_and_deploy	Upload artifact	2026-01-06T17:24:09.2929919Z env:
build_and_deploy	Upload artifact	2026-01-06T17:24:09.2930073Z   GITHUB_PAGES: true
build_and_deploy	Upload artifact	2026-01-06T17:24:09.2930253Z ##[endgroup]
build_and_deploy	Upload artifact	2026-01-06T17:24:09.5121323Z With the provided path, there will be 1 file uploaded
build_and_deploy	Upload artifact	2026-01-06T17:24:09.5127276Z Artifact name is valid!
build_and_deploy	Upload artifact	2026-01-06T17:24:09.5128645Z Root directory input is valid!
build_and_deploy	Upload artifact	2026-01-06T17:24:09.7962973Z Beginning upload of artifact content to blob storage
build_and_deploy	Upload artifact	2026-01-06T17:24:10.3536193Z Uploaded bytes 232317
build_and_deploy	Upload artifact	2026-01-06T17:24:10.4305058Z Finished uploading artifact content to blob storage!
build_and_deploy	Upload artifact	2026-01-06T17:24:10.4307654Z SHA256 digest of uploaded artifact zip is d68d9ac81a8e23d40bee2176084073dafe4ead458082efe458b97dfebc4a293d
build_and_deploy	Upload artifact	2026-01-06T17:24:10.4309211Z Finalizing artifact upload
build_and_deploy	Upload artifact	2026-01-06T17:24:10.5833721Z Artifact github-pages.zip successfully finalized. Artifact ID 5039736215
build_and_deploy	Upload artifact	2026-01-06T17:24:10.5835377Z Artifact github-pages has been successfully uploaded! Final size is 232317 bytes. Artifact ID is 5039736215
build_and_deploy	Upload artifact	2026-01-06T17:24:10.5843370Z Artifact download URL: https://github.com/stoptheslop/stoptheslop.github.io/actions/runs/20756294815/artifacts/5039736215
build_and_deploy	Post Checkout	ï»¿2026-01-06T17:24:10.6042589Z Post job cleanup.
build_and_deploy	Post Checkout	2026-01-06T17:24:10.6969072Z [command]/usr/bin/git version
build_and_deploy	Post Checkout	2026-01-06T17:24:10.7005306Z git version 2.52.0
build_and_deploy	Post Checkout	2026-01-06T17:24:10.7048923Z Temporarily overriding HOME='/home/runner/work/_temp/7ba55e9e-482e-4762-a685-5dfd7eaf9c34' before making global git config changes
build_and_deploy	Post Checkout	2026-01-06T17:24:10.7050257Z Adding repository directory to the temporary git global config as a safe directory
build_and_deploy	Post Checkout	2026-01-06T17:24:10.7063441Z [command]/usr/bin/git config --global --add safe.directory /home/runner/work/stoptheslop.github.io/stoptheslop.github.io
build_and_deploy	Post Checkout	2026-01-06T17:24:10.7100343Z [command]/usr/bin/git config --local --name-only --get-regexp core\.sshCommand
build_and_deploy	Post Checkout	2026-01-06T17:24:10.7133683Z [command]/usr/bin/git submodule foreach --recursive sh -c "git config --local --name-only --get-regexp 'core\.sshCommand' && git config --local --unset-all 'core.sshCommand' || :"
build_and_deploy	Post Checkout	2026-01-06T17:24:10.7368462Z [command]/usr/bin/git config --local --name-only --get-regexp http\.https\:\/\/github\.com\/\.extraheader
build_and_deploy	Post Checkout	2026-01-06T17:24:10.7390216Z http.https://github.com/.extraheader
build_and_deploy	Post Checkout	2026-01-06T17:24:10.7402439Z [command]/usr/bin/git config --local --unset-all http.https://github.com/.extraheader
build_and_deploy	Post Checkout	2026-01-06T17:24:10.7432079Z [command]/usr/bin/git submodule foreach --recursive sh -c "git config --local --name-only --get-regexp 'http\.https\:\/\/github\.com\/\.extraheader' && git config --local --unset-all 'http.https://github.com/.extraheader' || :"
build_and_deploy	Post Checkout	2026-01-06T17:24:10.7653413Z [command]/usr/bin/git config --local --name-only --get-regexp ^includeIf\.gitdir:
build_and_deploy	Post Checkout	2026-01-06T17:24:10.7684574Z [command]/usr/bin/git submodule foreach --recursive git config --local --show-origin --name-only --get-regexp remote.origin.url
build_and_deploy	Complete job	ï»¿2026-01-06T17:24:10.8031719Z Cleaning up orphan processes
deploy	Set up job	ï»¿2026-01-06T17:24:17.6467756Z Current runner version: '2.330.0'
deploy	Set up job	2026-01-06T17:24:17.6506269Z ##[group]Runner Image Provisioner
deploy	Set up job	2026-01-06T17:24:17.6507130Z Hosted Compute Agent
deploy	Set up job	2026-01-06T17:24:17.6507675Z Version: 20251211.462
deploy	Set up job	2026-01-06T17:24:17.6508588Z Commit: 6cbad8c2bb55d58165063d031ccabf57e2d2db61
deploy	Set up job	2026-01-06T17:24:17.6509273Z Build Date: 2025-12-11T16:28:49Z
deploy	Set up job	2026-01-06T17:24:17.6509928Z Worker ID: {de64ce7d-5794-4f65-a467-bb9eac8c39da}
deploy	Set up job	2026-01-06T17:24:17.6510559Z ##[endgroup]
deploy	Set up job	2026-01-06T17:24:17.6511188Z ##[group]Operating System
deploy	Set up job	2026-01-06T17:24:17.6511713Z Ubuntu
deploy	Set up job	2026-01-06T17:24:17.6512172Z 24.04.3
deploy	Set up job	2026-01-06T17:24:17.6512662Z LTS
deploy	Set up job	2026-01-06T17:24:17.6513120Z ##[endgroup]
deploy	Set up job	2026-01-06T17:24:17.6513568Z ##[group]Runner Image
deploy	Set up job	2026-01-06T17:24:17.6514184Z Image: ubuntu-24.04
deploy	Set up job	2026-01-06T17:24:17.6514685Z Version: 20251215.174.1
deploy	Set up job	2026-01-06T17:24:17.6515646Z Included Software: https://github.com/actions/runner-images/blob/ubuntu24/20251215.174/images/ubuntu/Ubuntu2404-Readme.md
deploy	Set up job	2026-01-06T17:24:17.6517037Z Image Release: https://github.com/actions/runner-images/releases/tag/ubuntu24%2F20251215.174
deploy	Set up job	2026-01-06T17:24:17.6518424Z ##[endgroup]
deploy	Set up job	2026-01-06T17:24:17.6519559Z ##[group]GITHUB_TOKEN Permissions
deploy	Set up job	2026-01-06T17:24:17.6521580Z Contents: read
deploy	Set up job	2026-01-06T17:24:17.6522189Z Metadata: read
deploy	Set up job	2026-01-06T17:24:17.6522708Z Pages: write
deploy	Set up job	2026-01-06T17:24:17.6523158Z ##[endgroup]
deploy	Set up job	2026-01-06T17:24:17.6525425Z Secret source: Actions
deploy	Set up job	2026-01-06T17:24:17.6526131Z Prepare workflow directory
deploy	Set up job	2026-01-06T17:24:17.7015363Z Prepare all required actions
deploy	Set up job	2026-01-06T17:24:17.7072286Z Getting action download info
deploy	Set up job	2026-01-06T17:24:17.9753697Z Download action repository 'actions/deploy-pages@v4' (SHA:d6db90164ac5ed86f2b6aed7e0febac5b3c0c03e)
deploy	Set up job	2026-01-06T17:24:18.3772462Z Complete job name: deploy
deploy	Deploy to GitHub Pages	ï»¿2026-01-06T17:24:18.4549613Z ##[group]Run actions/deploy-pages@v4
deploy	Deploy to GitHub Pages	2026-01-06T17:24:18.4550626Z with:
deploy	Deploy to GitHub Pages	2026-01-06T17:24:18.4551237Z   token: ***
deploy	Deploy to GitHub Pages	2026-01-06T17:24:18.4551611Z   timeout: 600000
deploy	Deploy to GitHub Pages	2026-01-06T17:24:18.4551997Z   error_count: 10
deploy	Deploy to GitHub Pages	2026-01-06T17:24:18.4552390Z   reporting_interval: 5000
deploy	Deploy to GitHub Pages	2026-01-06T17:24:18.4552878Z   artifact_name: github-pages
deploy	Deploy to GitHub Pages	2026-01-06T17:24:18.4553317Z   preview: false
deploy	Deploy to GitHub Pages	2026-01-06T17:24:18.4554141Z ##[endgroup]
deploy	Deploy to GitHub Pages	2026-01-06T17:24:18.8222683Z Fetching artifact metadata for "github-pages" in this workflow run
deploy	Deploy to GitHub Pages	2026-01-06T17:24:18.9003067Z Found 1 artifact(s)
deploy	Deploy to GitHub Pages	2026-01-06T17:24:18.9017656Z Creating Pages deployment with payload:
deploy	Deploy to GitHub Pages	2026-01-06T17:24:18.9018890Z {
deploy	Deploy to GitHub Pages	2026-01-06T17:24:18.9019562Z 	"artifact_id": 5039736215,
deploy	Deploy to GitHub Pages	2026-01-06T17:24:18.9020636Z 	"pages_build_version": "c2378e97251d274b3992f0b41079db027170d914",
deploy	Deploy to GitHub Pages	2026-01-06T17:24:18.9122017Z 	"oidc_token": "***"
deploy	Deploy to GitHub Pages	2026-01-06T17:24:18.9123053Z }
deploy	Deploy to GitHub Pages	2026-01-06T17:24:19.1424767Z Created deployment for c2378e97251d274b3992f0b41079db027170d914, ID: c2378e97251d274b3992f0b41079db027170d914
deploy	Deploy to GitHub Pages	2026-01-06T17:24:24.1442207Z Getting Pages deployment status...
deploy	Deploy to GitHub Pages	2026-01-06T17:24:24.2581685Z Reported success!
deploy	Complete job	ï»¿2026-01-06T17:24:24.2825891Z Evaluate and set environment url
deploy	Complete job	2026-01-06T17:24:24.2830378Z Evaluated environment url: https://stoptheslop.github.io/
deploy	Complete job	2026-01-06T17:24:24.2831358Z Cleaning up orphan processes
